// Jest Snapshot v1, https://goo.gl/fbAQLP

exports[`Board renders correctly 1`] = `
<div
  className="Board"
>
  <table>
    <tbody>
      <tr
        key="tr:7"
      >
        <td
          key="td:7:0"
        />
        <td
          key="td:7:1"
        />
        <td
          key="td:7:2"
        />
        <td
          key="td:7:3"
        />
        <td
          key="td:7:4"
        />
        <td
          key="td:7:5"
        />
        <td
          key="td:7:6"
        />
        <td
          key="td:7:7"
        />
      </tr>
      <tr
        key="tr:6"
      >
        <td
          key="td:6:0"
        />
        <td
          key="td:6:1"
        />
        <td
          key="td:6:2"
        />
        <td
          key="td:6:3"
        />
        <td
          key="td:6:4"
        />
        <td
          key="td:6:5"
        />
        <td
          key="td:6:6"
        />
        <td
          key="td:6:7"
        />
      </tr>
      <tr
        key="tr:5"
      >
        <td
          key="td:5:0"
        />
        <td
          key="td:5:1"
        />
        <td
          key="td:5:2"
        />
        <td
          key="td:5:3"
        />
        <td
          key="td:5:4"
        />
        <td
          key="td:5:5"
        />
        <td
          key="td:5:6"
        />
        <td
          key="td:5:7"
        />
      </tr>
      <tr
        key="tr:4"
      >
        <td
          key="td:4:0"
        />
        <td
          key="td:4:1"
        />
        <td
          key="td:4:2"
        />
        <td
          key="td:4:3"
        />
        <td
          key="td:4:4"
        />
        <td
          key="td:4:5"
        />
        <td
          key="td:4:6"
        />
        <td
          key="td:4:7"
        />
      </tr>
      <tr
        key="tr:3"
      >
        <td
          key="td:3:0"
        />
        <td
          key="td:3:1"
        />
        <td
          key="td:3:2"
        />
        <td
          key="td:3:3"
        />
        <td
          key="td:3:4"
        />
        <td
          key="td:3:5"
        />
        <td
          key="td:3:6"
        />
        <td
          key="td:3:7"
        />
      </tr>
      <tr
        key="tr:2"
      >
        <td
          key="td:2:0"
        />
        <td
          key="td:2:1"
        />
        <td
          key="td:2:2"
        />
        <td
          key="td:2:3"
        />
        <td
          key="td:2:4"
        />
        <td
          key="td:2:5"
        />
        <td
          key="td:2:6"
        />
        <td
          key="td:2:7"
        />
      </tr>
      <tr
        key="tr:1"
      >
        <td
          key="td:1:0"
        />
        <td
          key="td:1:1"
        />
        <td
          key="td:1:2"
        />
        <td
          key="td:1:3"
        />
        <td
          key="td:1:4"
        />
        <td
          key="td:1:5"
        />
        <td
          key="td:1:6"
        />
        <td
          key="td:1:7"
        />
      </tr>
      <tr
        key="tr:0"
      >
        <td
          key="td:0:0"
        />
        <td
          key="td:0:1"
        />
        <td
          key="td:0:2"
        />
        <td
          key="td:0:3"
        />
        <td
          key="td:0:4"
        />
        <td
          key="td:0:5"
        />
        <td
          key="td:0:6"
        />
        <td
          key="td:0:7"
        />
      </tr>
    </tbody>
  </table>
</div>
`;
